change base to fit the tag from my Blog to techbytes blog